# serializer version: 1
# name: test_convert_weight_cli
  '''
  Date,Weight,BMI,Fat
  2025-08-09T19:21:54,190.9,25.86,0
  2025-08-11T06:28:07,190.6,25.83,0
  2025-08-12T07:30:00,189.2,25.64,0
  
  '''
# ---
